// Jest Snapshot v1, https://goo.gl/fbAQLP

exports[`Textarea match snapshot 1`] = `
<div class="control ">
  <label for="_5innv1"
         class="label "
  >
    Textarea
  </label>
  <div class="wrapper">
    <textarea id="_5innv1"
              name="textarea"
              class="textarea   "
              data-test="component-textarea"
    >
    </textarea>
  </div>
</div>
`;
