// Jest Snapshot v1, https://goo.gl/fbAQLP

exports[`Loader match snapshot 1`] = `
<div data-test="component-loader">
</div>
`;
