// Jest Snapshot v1, https://goo.gl/fbAQLP

exports[`Content match snapshot 1`] = `
<article class="undefined "
         data-test="component-content"
>
  Content
</article>
`;
