// Jest Snapshot v1, https://goo.gl/fbAQLP

exports[`Content match snapshot 1`] = `
<section class="section "
         data-test="component-content"
>
  Content
</section>
`;
