// Jest Snapshot v1, https://goo.gl/fbAQLP

exports[`Header match snapshot 1`] = `
<header data-test="component-header">
  <a class="undefined undefined"
     aria-label="Logo Fit s Marky"
     href="/"
  >
    <picture>
      <source srcset="logo.png"
              type="image/png"
      >
      <source srcset="logo.webp"
              type="image/webp"
      >
      <img src="logo.png"
           alt
      >
    </picture>
  </a>
</header>
`;
