// Jest Snapshot v1, https://goo.gl/fbAQLP

exports[`Article match snapshot 1`] = `
<article class="article "
         data-test="component-article"
>
  Article
</article>
`;
