// Jest Snapshot v1, https://goo.gl/fbAQLP

exports[`Gallery page match snapshot 1`] = `
<header>
  <h2>
    Fotogalerie
  </h2>
  <div>
    <a aria-label="Lekce pilates a j칩gy"
       data-test="component-gallery-link"
       href="/fotogalerie/lekce-pilates-a-jogy"
    >
      <figure>
        <picture data-test="component-picture">
          <source srcset="/images/image-06.webp"
                  type="image/webp"
          >
          <source srcset="/images/image-06.jpg"
                  type="image/jpg"
          >
          <img src="/images/image-06.jpg"
               alt
          >
        </picture>
        <figcaption>
          <span>
            Lekce pilates a j칩gy
          </span>
        </figcaption>
      </figure>
    </a>
    <a aria-label="Zdrav치 strava"
       data-test="component-gallery-link"
       href="/fotogalerie/zdrava-strava"
    >
      <figure>
        <picture data-test="component-picture">
          <source srcset="/images/image-13.webp"
                  type="image/webp"
          >
          <source srcset="/images/image-13.jpg"
                  type="image/jpg"
          >
          <img src="/images/image-13.jpg"
               alt
          >
        </picture>
        <figcaption>
          <span>
            Zdrav치 strava
          </span>
        </figcaption>
      </figure>
    </a>
  </div>
</header>
`;
