// Jest Snapshot v1, https://goo.gl/fbAQLP

exports[`Notfound page match snapshot 1`] = `
<header>
  <h2>
    404
  </h2>
</header>
<p>
  Bohužel se nám nepodařilo najít zadanou stránku.
</p>
`;
