// Jest Snapshot v1, https://goo.gl/fbAQLP

exports[`Alert match snapshot 1`] = `
<div class="backdrop"
     style="opacity:0"
>
</div>
<div class="alert  "
     data-test="component-alert"
     style="opacity:0;transform:scale(0.75) translateZ(0)"
>
  <button type="button"
          class="button  button"
          data-test="component-button"
  >
    Ã—
  </button>
  message
</div>
`;
