// Jest Snapshot v1, https://goo.gl/fbAQLP

exports[`List match snapshot 1`] = `
<ul class="list "
    data-test="component-list"
>
</ul>
`;
